
> frontend@0.1.0 build
> next build

   Γû▓ Next.js 15.1.4

   Creating an optimized production build ...
 Γ£ô Compiled successfully
   Linting and checking validity of types ...

Failed to compile.

./app/mcp/page.tsx
6:10  Warning: 'Card' is defined but never used.  @typescript-eslint/no-unused-vars
6:16  Warning: 'CardContent' is defined but never used.  @typescript-eslint/no-unused-vars

./app/settings/page.tsx
5:10  Warning: 'Input' is defined but never used.  @typescript-eslint/no-unused-vars
6:10  Warning: 'Switch' is defined but never used.  @typescript-eslint/no-unused-vars
7:10  Warning: 'Badge' is defined but never used.  @typescript-eslint/no-unused-vars
10:43  Warning: 'Key' is defined but never used.  @typescript-eslint/no-unused-vars
11:3  Warning: 'RotateCcw' is defined but never used.  @typescript-eslint/no-unused-vars
11:39  Warning: 'Moon' is defined but never used.  @typescript-eslint/no-unused-vars
12:3  Warning: 'Smartphone' is defined but never used.  @typescript-eslint/no-unused-vars
12:15  Warning: 'Eye' is defined but never used.  @typescript-eslint/no-unused-vars

./components/Chat/LiveTracePanel.tsx
13:23  Warning: 'setCurrentStep' is assigned a value but never used.  @typescript-eslint/no-unused-vars
47:20  Error: `"` can be escaped with `&quot;`, `&ldquo;`, `&#34;`, `&rdquo;`.  react/no-unescaped-entities
47:91  Error: `"` can be escaped with `&quot;`, `&ldquo;`, `&#34;`, `&rdquo;`.  react/no-unescaped-entities

./components/mcp/McpClientConfig.tsx
12:3  Warning: 'ExternalLink' is defined but never used.  @typescript-eslint/no-unused-vars
12:43  Warning: 'Database' is defined but never used.  @typescript-eslint/no-unused-vars
13:16  Warning: 'AlertCircle' is defined but never used.  @typescript-eslint/no-unused-vars

./components/mcp/McpHub.tsx
4:29  Warning: 'CardHeader' is defined but never used.  @typescript-eslint/no-unused-vars
4:41  Warning: 'CardTitle' is defined but never used.  @typescript-eslint/no-unused-vars

./components/mcp/McpServerConfig.tsx
9:10  Warning: 'Switch' is defined but never used.  @typescript-eslint/no-unused-vars
10:74  Warning: 'DialogDescription' is defined but never used.  @typescript-eslint/no-unused-vars
11:10  Warning: 'Tabs' is defined but never used.  @typescript-eslint/no-unused-vars
11:16  Warning: 'TabsContent' is defined but never used.  @typescript-eslint/no-unused-vars
11:29  Warning: 'TabsList' is defined but never used.  @typescript-eslint/no-unused-vars
11:39  Warning: 'TabsTrigger' is defined but never used.  @typescript-eslint/no-unused-vars
12:27  Warning: 'Eye' is defined but never used.  @typescript-eslint/no-unused-vars
12:75  Warning: 'AlertCircle' is defined but never used.  @typescript-eslint/no-unused-vars
12:88  Warning: 'Play' is defined but never used.  @typescript-eslint/no-unused-vars

./components/mcp/types.ts
27:32  Error: Unexpected any. Specify a different type.  @typescript-eslint/no-explicit-any
28:33  Error: Unexpected any. Specify a different type.  @typescript-eslint/no-explicit-any

info  - Need to disable some ESLint rules? Learn more here: https://nextjs.org/docs/app/api-reference/config/eslint#disabling-rules
